******************************************************************************
                  TI ARM Linker Unix v20.2.1                   
******************************************************************************
>> Linked Tue Dec  8 13:52:59 2020

OUTPUT FILE NAME:   <Reciever.out>
ENTRY POINT SYMBOL: "_c_int00_noargs"  address: 000038ad


MEMORY CONFIGURATION

         name            origin    length      used     unused   attr    fill
----------------------  --------  ---------  --------  --------  ----  --------
  FLASH                 00000000   00040000  00003b41  0003c4bf  R  X
  SRAM                  20000000   00008000  000030e0  00004f20  RW X


SEGMENT ALLOCATION MAP

run origin  load origin   length   init length attrs members
----------  ----------- ---------- ----------- ----- -------
00000000    00000000    00003b48   00003b48    r-x
  00000000    00000000    0000026c   0000026c    r-- .intvecs
  0000026c    0000026c    00003784   00003784    r-x .text
  000039f0    000039f0    00000101   00000101    r-- .const
  00003af8    00003af8    00000050   00000050    r-- .cinit
20000000    20000000    000030e4   00000000    rw-
  20000000    20000000    00002064   00000000    rw- .bss
  20002068    20002068    00001000   00000000    rw- .stack
  20003068    20003068    0000007c   00000000    rw- .data


SECTION ALLOCATION MAP

 output                                  attributes/
section   page    origin      length       input sections
--------  ----  ----------  ----------   ----------------
.intvecs   0    00000000    0000026c     
                  00000000    0000026c     tm4c123gh6pm_startup_ccs.obj (.intvecs)

.text      0    0000026c    00003784     
                  0000026c    000010a8     main.obj (.text)
                  00001314    00000a4e     rtsv7M4_T_le_v4SPD16_eabi.lib : _printfi.c.obj (.text:__TI_printfi)
                  00001d62    00000440     uart_input.obj (.text)
                  000021a2    00000002     rtsv7M4_T_le_v4SPD16_eabi.lib : div0.asm.obj (.text)
                  000021a4    00000270                                   : _printfi.c.obj (.text:_pconv_a)
                  00002414    000001d0                                   : _printfi.c.obj (.text:_pconv_g)
                  000025e4    000001b6                                   : fd_add_t2.asm.obj (.text)
                  0000279a    00000002     --HOLE-- [fill = 0]
                  0000279c    00000194     uart0.obj (.text)
                  00002930    0000013c     rtsv7M4_T_le_v4SPD16_eabi.lib : _printfi.c.obj (.text:_pconv_e)
                  00002a6c    00000138     backlight.obj (.text)
                  00002ba4    00000136     rtsv7M4_T_le_v4SPD16_eabi.lib : fd_div_t2.asm.obj (.text)
                  00002cda    00000002     --HOLE-- [fill = 0]
                  00002cdc    00000128     uart1.obj (.text)
                  00002e04    00000124     rtsv7M4_T_le_v4SPD16_eabi.lib : _printfi.c.obj (.text:fcvt)
                  00002f28    00000110                                   : s_scalbn.c.obj (.text:scalbn)
                  00003038    000000fc                                   : fd_mul_t2.asm.obj (.text)
                  00003134    000000b1                                   : _printfi.c.obj (.text:_ltostr)
                  000031e5    00000001     --HOLE-- [fill = 0]
                  000031e6    0000009c                                   : memcpy_t2.asm.obj (.text)
                  00003282    00000096                                   : ull_div_t2.asm.obj (.text)
                  00003318    00000086                                   : fd_cmp_t2.asm.obj (.text:__aeabi_cdcmple)
                  0000339e    00000086                                   : fd_cmp_t2.asm.obj (.text:__aeabi_cdrcmple)
                  00003424    00000080     eeprom.obj (.text)
                  000034a4    0000007a     rtsv7M4_T_le_v4SPD16_eabi.lib : memset_t2.asm.obj (.text)
                  0000351e    0000006e                                   : _printfi.c.obj (.text:_mcpy)
                  0000358c    00000068                                   : copy_decompress_lzss.c.obj (.text:decompress:lzss:__TI_decompress_lzss)
                  000035f4    00000064                                   : s_frexp.c.obj (.text:frexp)
                  00003658    00000056                                   : _printfi.c.obj (.text:_pconv_f)
                  000036ae    00000054                                   : _ltoa.c.obj (.text:__TI_ltoa)
                  00003702    00000052                                   : _printfi.c.obj (.text:_ecpy)
                  00003754    0000004c                                   : atoi.c.obj (.text:atoi)
                  000037a0    00000048                                   : fd_toi_t2.asm.obj (.text)
                  000037e8    00000044                                   : autoinit.c.obj (.text:__TI_auto_init_nobinit_nopinit:__TI_auto_init_nobinit_nopinit)
                  0000382c    00000040                                   : sprintf.c.obj (.text:sprintf)
                  0000386c    0000003e                                   : _printfi.c.obj (.text:_fcpy)
                  000038aa    00000002     --HOLE-- [fill = 0]
                  000038ac    00000034                                   : boot_cortex_m.c.obj (.text:_c_int00_noargs:_c_int00_noargs)
                  000038e0    0000002e                                   : i_tofd_t2.asm.obj (.text)
                  0000390e    0000001c                                   : memccpy.c.obj (.text:memccpy)
                  0000392a    0000001a                                   : s_copysign.c.obj (.text:copysign)
                  00003944    00000018                                   : sprintf.c.obj (.text:_outs)
                  0000395c    00000018                                   : strcmp.c.obj (.text:strcmp)
                  00003974    00000016                                   : strchr.c.obj (.text:strchr)
                  0000398a    00000014                                   : strlen.c.obj (.text:strlen)
                  0000399e    00000012                                   : wcslen.c.obj (.text:wcslen)
                  000039b0    0000000e                                   : copy_decompress_none.c.obj (.text:decompress:none:__TI_decompress_none)
                  000039be    0000000c                                   : copy_zero_init.c.obj (.text:decompress:ZI:__TI_zero_init)
                  000039ca    0000000c     tm4c123gh6pm_startup_ccs.obj (.text)
                  000039d6    0000000a     rtsv7M4_T_le_v4SPD16_eabi.lib : sprintf.c.obj (.text:_outc)
                  000039e0    00000008                                   : errno.c.obj (.text:__aeabi_errno_addr)
                  000039e8    00000004                                   : pre_init.c.obj (.text:_system_pre_init)
                  000039ec    00000004                                   : exit.c.obj (.text:abort:abort)

.const     0    000039f0    00000101     
                  000039f0    00000101     rtsv7M4_T_le_v4SPD16_eabi.lib : ctype.c.obj (.const:.string:_ctypes_)

.cinit     0    00003af8    00000050     
                  00003af8    00000029     (.cinit..data.load) [load image, compression = lzss]
                  00003b21    00000003     --HOLE-- [fill = 0]
                  00003b24    0000000c     (__TI_handler_table)
                  00003b30    00000008     (.cinit..bss.load) [load image, compression = zero_init]
                  00003b38    00000010     (__TI_cinit_table)

.init_array 
*          0    00000000    00000000     UNINITIALIZED

.bss       0    20000000    00002064     UNINITIALIZED
                  20000000    00001800     (.common:alarm_table)
                  20001800    00000800     (.common:DATA)
                  20002000    00000064     (.common:chartxBuffer)

.data      0    20003068    0000007c     UNINITIALIZED
                  20003068    00000078     main.obj (.data)
                  200030e0    00000004     rtsv7M4_T_le_v4SPD16_eabi.lib : errno.c.obj (.data)

.stack     0    20002068    00001000     UNINITIALIZED
                  20002068    00000004     rtsv7M4_T_le_v4SPD16_eabi.lib : boot_cortex_m.c.obj (.stack)
                  2000206c    00000ffc     --HOLE--

__llvm_prf_cnts 
*          0    20000000    00000000     UNINITIALIZED

MODULE SUMMARY

       Module                         code    ro data   rw data
       ------                         ----    -------   -------
    ./
       main.obj                       4264    0         8412   
       uart_input.obj                 1088    0         0      
       tm4c123gh6pm_startup_ccs.obj   12      620       0      
       uart0.obj                      404     0         0      
       backlight.obj                  312     0         0      
       uart1.obj                      296     0         0      
       eeprom.obj                     128     0         0      
    +--+------------------------------+-------+---------+---------+
       Total:                         6504    620       8412   
                                                               
    /Applications/ti/ccs1011/ccs/tools/compiler/ti-cgt-arm_20.2.1.LTS/lib/rtsv7M4_T_le_v4SPD16_eabi.lib
       _printfi.c.obj                 4851    0         0      
       fd_add_t2.asm.obj              438     0         0      
       fd_div_t2.asm.obj              310     0         0      
       s_scalbn.c.obj                 272     0         0      
       fd_cmp_t2.asm.obj              268     0         0      
       ctype.c.obj                    0       257       0      
       fd_mul_t2.asm.obj              252     0         0      
       memcpy_t2.asm.obj              156     0         0      
       ull_div_t2.asm.obj             150     0         0      
       memset_t2.asm.obj              122     0         0      
       copy_decompress_lzss.c.obj     104     0         0      
       s_frexp.c.obj                  100     0         0      
       sprintf.c.obj                  98      0         0      
       _ltoa.c.obj                    84      0         0      
       atoi.c.obj                     76      0         0      
       fd_toi_t2.asm.obj              72      0         0      
       autoinit.c.obj                 68      0         0      
       boot_cortex_m.c.obj            52      0         0      
       i_tofd_t2.asm.obj              46      0         0      
       memccpy.c.obj                  28      0         0      
       s_copysign.c.obj               26      0         0      
       strcmp.c.obj                   24      0         0      
       strchr.c.obj                   22      0         0      
       strlen.c.obj                   20      0         0      
       wcslen.c.obj                   18      0         0      
       copy_decompress_none.c.obj     14      0         0      
       copy_zero_init.c.obj           12      0         0      
       errno.c.obj                    8       0         4      
       exit.c.obj                     4       0         0      
       pre_init.c.obj                 4       0         0      
       div0.asm.obj                   2       0         0      
    +--+------------------------------+-------+---------+---------+
       Total:                         7701    257       4      
                                                               
       Stack:                         0       0         4096   
       Linker Generated:              0       77        0      
    +--+------------------------------+-------+---------+---------+
       Grand Total:                   14205   954       12512  


LINKER GENERATED COPY TABLES

__TI_cinit_table @ 00003b38 records: 2, size/record: 8, table size: 16
	.data: load addr=00003af8, load size=00000029 bytes, run addr=20003068, run size=0000007c bytes, compression=lzss
	.bss: load addr=00003b30, load size=00000008 bytes, run addr=20000000, run size=00002064 bytes, compression=zero_init


LINKER GENERATED HANDLER TABLE

__TI_handler_table @ 00003b24 records: 3, size/record: 4, table size: 12
	index: 0, handler: __TI_decompress_lzss
	index: 1, handler: __TI_decompress_none
	index: 2, handler: __TI_zero_init


GLOBAL SYMBOLS: SORTED ALPHABETICALLY BY Name 

address   name                          
-------   ----                          
20003086  Address                       
20003070  BUFFER_LENGTH                 
000039ed  C$$EXIT                       
20001800  DATA                          
20003098  LED_BLUE                      
2000309c  LED_GREEN                     
200030a0  LED_RED                       
20003090  LED_TIMEOUT_OFF               
20003094  LED_TIMEOUT_ON                
20003084  Mode                          
20003068  ReadIndex                     
000039cb  ResetISR                      
00000fad  Timer1Isr                     
000010f3  Timer2Isr                     
00000d15  UART0ISR                      
00000e61  UART1ISR                      
2000306c  WriteIndex                    
20003068  __STACK_END                   
00001000  __STACK_SIZE                  
20002268  __STACK_TOP                   
00003b38  __TI_CINIT_Base               
00003b48  __TI_CINIT_Limit              
00003b24  __TI_Handler_Table_Base       
00003b30  __TI_Handler_Table_Limit      
000037e9  __TI_auto_init_nobinit_nopinit
0000358d  __TI_decompress_lzss          
000039b1  __TI_decompress_none          
000036af  __TI_ltoa                     
ffffffff  __TI_pprof_out_hndl           
00001315  __TI_printfi                  
ffffffff  __TI_prof_data_size           
ffffffff  __TI_prof_data_start          
00000000  __TI_static_base__            
000039bf  __TI_zero_init                
00003319  __aeabi_cdcmpeq               
00003319  __aeabi_cdcmple               
0000339f  __aeabi_cdrcmple              
000037a1  __aeabi_d2iz                  
000025ef  __aeabi_dadd                  
00002ba5  __aeabi_ddiv                  
00003039  __aeabi_dmul                  
000025e5  __aeabi_dsub                  
000039e1  __aeabi_errno_addr            
000038e1  __aeabi_i2d                   
000021a3  __aeabi_idiv0                 
000021a3  __aeabi_ldiv0                 
000034a5  __aeabi_memclr                
000034a5  __aeabi_memclr4               
000034a5  __aeabi_memclr8               
000031e7  __aeabi_memcpy                
000031e7  __aeabi_memcpy4               
000031e7  __aeabi_memcpy8               
000034a7  __aeabi_memset                
000034a7  __aeabi_memset4               
000034a7  __aeabi_memset8               
00003283  __aeabi_uldivmod              
ffffffff  __binit__                     
ffffffff  __c_args__                    
UNDEFED   __mpu_init                    
20002068  __stack                       
20000000  __start___llvm_prf_cnts       
20000000  __stop___llvm_prf_cnts        
000038ad  _c_int00_noargs               
000039f0  _ctypes_                      
UNDEFED   _system_post_cinit            
000039e9  _system_pre_init              
000039ed  abort                         
200030dc  add                           
00000c69  alarmIsr                      
20000000  alarm_table                   
200030c0  alarm_time                    
00003755  atoi                          
ffffffff  binit                         
20002000  chartxBuffer                  
0000038d  checkCommand                  
0000392b  copysign                      
0000392b  copysignl                     
200030d0  current                       
200030a8  current_time                  
2000308c  data                          
200030b0  date                          
00000d89  displayUart0                  
200030e0  errno                         
000035f5  frexp                         
000035f5  frexpl                        
00000000  g_pfnVectors                  
00001e4b  getFieldInteger               
00001ddf  getFieldString                
000028b9  getcUart0                     
0000213d  getsUart0                     
200030b4  hr                            
200030c4  i                             
00002a6d  initBacklight                 
00003425  initEeprom                    
000002f9  initHIB                       
0000026d  initHw                        
0000279d  initUart0                     
00002cdd  initUart1                     
00001d63  isCommand                     
200030c8  j                             
200030d4  k                             
000028cd  kbhitUart0                    
00002f29  ldexp                         
00002f29  ldexpl                        
00001189  main                          
2000307c  max_add                       
0000390f  memccpy                       
000031e7  memcpy                        
000034ad  memset                        
200030b8  min                           
200030ac  month                         
00001ec5  parseFields                   
20003074  phase                         
200030a4  poll_request                  
00002871  putcUart0                     
0000288d  putsUart0                     
00003469  readEeprom                    
20003078  rx_phase                      
00002f29  scalbn                        
00002f29  scalbnl                       
200030bc  sec                           
00002b2d  setBacklightRgbColor          
00002845  setUart0BaudRate              
00002d8f  setUart1BaudRate              
200030d8  soonest                       
0000382d  sprintf                       
20003080  start                         
000010c7  startDMXTX                    
20003088  state                         
00003975  strchr                        
0000395d  strcmp                        
0000398b  strlen                        
200030cc  t                             
0000399f  wcslen                        
0000343b  writeEeprom                   


GLOBAL SYMBOLS: SORTED BY Symbol Address 

address   name                          
-------   ----                          
00000000  __TI_static_base__            
00000000  g_pfnVectors                  
0000026d  initHw                        
000002f9  initHIB                       
0000038d  checkCommand                  
00000c69  alarmIsr                      
00000d15  UART0ISR                      
00000d89  displayUart0                  
00000e61  UART1ISR                      
00000fad  Timer1Isr                     
00001000  __STACK_SIZE                  
000010c7  startDMXTX                    
000010f3  Timer2Isr                     
00001189  main                          
00001315  __TI_printfi                  
00001d63  isCommand                     
00001ddf  getFieldString                
00001e4b  getFieldInteger               
00001ec5  parseFields                   
0000213d  getsUart0                     
000021a3  __aeabi_idiv0                 
000021a3  __aeabi_ldiv0                 
000025e5  __aeabi_dsub                  
000025ef  __aeabi_dadd                  
0000279d  initUart0                     
00002845  setUart0BaudRate              
00002871  putcUart0                     
0000288d  putsUart0                     
000028b9  getcUart0                     
000028cd  kbhitUart0                    
00002a6d  initBacklight                 
00002b2d  setBacklightRgbColor          
00002ba5  __aeabi_ddiv                  
00002cdd  initUart1                     
00002d8f  setUart1BaudRate              
00002f29  ldexp                         
00002f29  ldexpl                        
00002f29  scalbn                        
00002f29  scalbnl                       
00003039  __aeabi_dmul                  
000031e7  __aeabi_memcpy                
000031e7  __aeabi_memcpy4               
000031e7  __aeabi_memcpy8               
000031e7  memcpy                        
00003283  __aeabi_uldivmod              
00003319  __aeabi_cdcmpeq               
00003319  __aeabi_cdcmple               
0000339f  __aeabi_cdrcmple              
00003425  initEeprom                    
0000343b  writeEeprom                   
00003469  readEeprom                    
000034a5  __aeabi_memclr                
000034a5  __aeabi_memclr4               
000034a5  __aeabi_memclr8               
000034a7  __aeabi_memset                
000034a7  __aeabi_memset4               
000034a7  __aeabi_memset8               
000034ad  memset                        
0000358d  __TI_decompress_lzss          
000035f5  frexp                         
000035f5  frexpl                        
000036af  __TI_ltoa                     
00003755  atoi                          
000037a1  __aeabi_d2iz                  
000037e9  __TI_auto_init_nobinit_nopinit
0000382d  sprintf                       
000038ad  _c_int00_noargs               
000038e1  __aeabi_i2d                   
0000390f  memccpy                       
0000392b  copysign                      
0000392b  copysignl                     
0000395d  strcmp                        
00003975  strchr                        
0000398b  strlen                        
0000399f  wcslen                        
000039b1  __TI_decompress_none          
000039bf  __TI_zero_init                
000039cb  ResetISR                      
000039e1  __aeabi_errno_addr            
000039e9  _system_pre_init              
000039ed  C$$EXIT                       
000039ed  abort                         
000039f0  _ctypes_                      
00003b24  __TI_Handler_Table_Base       
00003b30  __TI_Handler_Table_Limit      
00003b38  __TI_CINIT_Base               
00003b48  __TI_CINIT_Limit              
20000000  __start___llvm_prf_cnts       
20000000  __stop___llvm_prf_cnts        
20000000  alarm_table                   
20001800  DATA                          
20002000  chartxBuffer                  
20002068  __stack                       
20002268  __STACK_TOP                   
20003068  ReadIndex                     
20003068  __STACK_END                   
2000306c  WriteIndex                    
20003070  BUFFER_LENGTH                 
20003074  phase                         
20003078  rx_phase                      
2000307c  max_add                       
20003080  start                         
20003084  Mode                          
20003086  Address                       
20003088  state                         
2000308c  data                          
20003090  LED_TIMEOUT_OFF               
20003094  LED_TIMEOUT_ON                
20003098  LED_BLUE                      
2000309c  LED_GREEN                     
200030a0  LED_RED                       
200030a4  poll_request                  
200030a8  current_time                  
200030ac  month                         
200030b0  date                          
200030b4  hr                            
200030b8  min                           
200030bc  sec                           
200030c0  alarm_time                    
200030c4  i                             
200030c8  j                             
200030cc  t                             
200030d0  current                       
200030d4  k                             
200030d8  soonest                       
200030dc  add                           
200030e0  errno                         
ffffffff  __TI_pprof_out_hndl           
ffffffff  __TI_prof_data_size           
ffffffff  __TI_prof_data_start          
ffffffff  __binit__                     
ffffffff  __c_args__                    
ffffffff  binit                         
UNDEFED   __mpu_init                    
UNDEFED   _system_post_cinit            

[135 symbols]
